---
source: src/template_augmentation/regex_replacer.rs
expression: actual
---

                    {{world}} P x!!x C
                     %%a?b%%
