---
source: src/handle_commands/load_pipeline/init_validation.rs
expression: actual
---
Conflict("/some/target/a")
