---
source: tests/copy_template_into.rs
expression: output
---
Folder "/[TMP_ROOT]/cwd/some_where" filled with content from Template (to_copy).
