---
source: tests/copy_template_into.rs
expression: output
---
Folder "/[TMP_ROOT]/cwd" filled with content from Template (!!!).
