---
source: tests/copy_template_into.rs
expression: output
---
Folder "/[TMP_ROOT]/cwd/without_name_conflicts" filled with content from Template (with_placeholders)
