---
source: tests/copy_template_into.rs
expression: output
---
Folder "/[TMP_ROOT]/cwd/override_it" filled with content from Template (with_placeholders)
