---
source: tests/delete_template.rs
expression: output
---
Template (to delete) was deleted.
