---
source: tests/list_templates.rs
expression: result
---
No templates created yet.
