---
source: src/file_management/source_target_node.rs
expression: actual
---
[
  SourceTargetNode(
    source_node: NodeEntryMeta(
      node_type: File,
      source_path: "/some/source/a",
    ),
    target: "/some/target/a",
  ),
  SourceTargetNode(
    source_node: NodeEntryMeta(
      node_type: Folder,
      source_path: "/some/source/a",
    ),
    target: "/some/target/a",
  ),
  SourceTargetNode(
    source_node: NodeEntryMeta(
      node_type: File,
      source_path: "/some/source/b",
    ),
    target: "/some/target/b",
  ),
]
