---
source: src/handle_commands/load_pipeline.rs
expression: actual
---
[
  NodeEntryMeta(
    node_type: File,
    source_path: "/some/target/",
  ),
  NodeEntryMeta(
    node_type: File,
    source_path: "/some/target/a",
  ),
  NodeEntryMeta(
    node_type: File,
    source_path: "/some/target/b",
  ),
  NodeEntryMeta(
    node_type: File,
    source_path: "/some/target/cccc/zzz",
  ),
]
