---
source: src/handle_commands/load_pipeline.rs
expression: actual
---
Conflict("/some/target/a")
